export const snapshot = {};

snapshot[`test > dir > absolute 1`] = `
[
  1,
  2,
  3,
]
`;
