export const snapshot = {};

snapshot[`[MISSING SNAPSHOT] 1`] = `"This snapshot doesn't exist"`;
