export const snapshot = {};

snapshot[`test > path > relative 1`] = `
[
  1,
  2,
  3,
]
`;
